
RAxML-NG v. 0.9.0git (CellPHY branch) released on 08.07.2021 by The Exelixis Lab.
Developed by: Alexey M. Kozlov and Alexandros Stamatakis.
Contributors: Diego Darriba, Tomas Flouri, Benoit Morel, Sarah Lutteropp, Ben Bettisworth.
Latest version: https://github.com/amkozlov/raxml-ng
Questions/problems/suggestions? Please visit: https://groups.google.com/forum/#!forum/raxml

RAxML-NG was called at 28-Jun-2023 18:24:06 as follows:

/home/tli628/project/tools/cellphy/bin/raxml-ng-cellphy-linux --msa 18001.monovar_overlap_sciphi.onlyT.target.50.rm.phylo.add_normal.vcf --all --model GT16+FO --seed 12345 --threads 20 --tree pars{50},rand{50} --bs-tree autoMRE{200} --bs-metric fbp,tbe --force perf_threads

Analysis options:
  run mode: ML tree search + bootstrapping (Felsenstein Bootstrap + Transfer Bootstrap)
  start tree(s): random (50) + parsimony (50)
  bootstrap replicates: max: 200 + bootstopping (autoMRE, cutoff: 0.030000)
  random seed: 12345
  tip-inner: OFF
  pattern compression: ON
  per-rate scalers: OFF
  site repeats: ON
  branch lengths: proportional (ML estimate, algorithm: NR-FAST)
  SIMD kernels: AVX2
  parallelization: PTHREADS (20 threads), thread pinning: OFF

WARNING: Running in FORCE mode: some safety checks are disabled!

[00:00:02] Reading alignment from file: 18001.monovar_overlap_sciphi.onlyT.target.50.rm.phylo.add_normal.vcf
[00:00:02] Loaded alignment with 10 taxa and 2316 sites

Alignment comprises 1 partitions and 2316 sites

Partition 0: noname
Model: GT16+FO
Alignment sites: 2316
Gaps: 35.81 %
Invariant sites: 0.00 %


[00:00:02] Generating 50 random starting tree(s) with 10 taxa
[00:00:02] Generating 50 parsimony starting tree(s) with 10 taxa
[00:00:02] Data distribution: max. partitions/sites/weight per thread: 1 / 116 / 1856

Starting ML tree search with 100 distinct starting trees

[00:00:16] ML tree search #1, logLikelihood: -19204.386188
[00:00:22] ML tree search #2, logLikelihood: -19204.381674
[00:00:26] ML tree search #3, logLikelihood: -19204.377522
[00:00:30] ML tree search #4, logLikelihood: -19204.381736
[00:00:33] ML tree search #5, logLikelihood: -19204.383687
[00:00:37] ML tree search #6, logLikelihood: -19204.378283
[00:00:43] ML tree search #7, logLikelihood: -19204.378834
[00:00:46] ML tree search #8, logLikelihood: -19204.379811
[00:00:49] ML tree search #9, logLikelihood: -19204.388284
[00:00:58] ML tree search #10, logLikelihood: -19204.379864
[00:01:05] ML tree search #11, logLikelihood: -19204.386892
[00:01:08] ML tree search #12, logLikelihood: -19204.384771
[00:01:11] ML tree search #13, logLikelihood: -19204.378984
[00:01:14] ML tree search #14, logLikelihood: -19204.380700
[00:01:17] ML tree search #15, logLikelihood: -19204.384169
[00:01:20] ML tree search #16, logLikelihood: -19204.383718
[00:01:23] ML tree search #17, logLikelihood: -19204.379591
[00:01:26] ML tree search #18, logLikelihood: -19204.379193
[00:01:30] ML tree search #19, logLikelihood: -19204.380797
[00:01:33] ML tree search #20, logLikelihood: -19204.378461
[00:01:36] ML tree search #21, logLikelihood: -19204.385648
[00:01:39] ML tree search #22, logLikelihood: -19204.380393
[00:01:42] ML tree search #23, logLikelihood: -19204.381398
[00:01:45] ML tree search #24, logLikelihood: -19204.380773
[00:01:48] ML tree search #25, logLikelihood: -19204.381796
[00:01:51] ML tree search #26, logLikelihood: -19204.380279
[00:01:54] ML tree search #27, logLikelihood: -19204.382129
[00:01:58] ML tree search #28, logLikelihood: -19204.378814
[00:02:01] ML tree search #29, logLikelihood: -19204.381696
[00:02:21] ML tree search #30, logLikelihood: -19204.387611
[00:02:24] ML tree search #31, logLikelihood: -19204.378304
[00:02:27] ML tree search #32, logLikelihood: -19204.380452
[00:02:32] ML tree search #33, logLikelihood: -19204.399275
[00:02:35] ML tree search #34, logLikelihood: -19204.381477
[00:02:38] ML tree search #35, logLikelihood: -19204.379184
[00:02:41] ML tree search #36, logLikelihood: -19204.382082
[00:02:43] ML tree search #37, logLikelihood: -19204.378181
[00:02:46] ML tree search #38, logLikelihood: -19204.376978
[00:02:48] ML tree search #39, logLikelihood: -19204.385051
[00:02:51] ML tree search #40, logLikelihood: -19204.378864
[00:02:54] ML tree search #41, logLikelihood: -19204.377442
[00:02:57] ML tree search #42, logLikelihood: -19204.392218
[00:02:59] ML tree search #43, logLikelihood: -19204.378848
[00:03:02] ML tree search #44, logLikelihood: -19204.386505
[00:03:04] ML tree search #45, logLikelihood: -19204.382560
[00:03:07] ML tree search #46, logLikelihood: -19204.381215
[00:03:10] ML tree search #47, logLikelihood: -19204.383292
[00:03:12] ML tree search #48, logLikelihood: -19204.387240
[00:03:15] ML tree search #49, logLikelihood: -19204.378604
[00:03:18] ML tree search #50, logLikelihood: -19204.382595
[00:03:20] ML tree search #51, logLikelihood: -19204.385733
[00:03:23] ML tree search #52, logLikelihood: -19204.386013
[00:03:25] ML tree search #53, logLikelihood: -19204.383351
[00:03:28] ML tree search #54, logLikelihood: -19204.384413
[00:03:30] ML tree search #55, logLikelihood: -19204.384180
[00:03:32] ML tree search #56, logLikelihood: -19204.381927
[00:03:35] ML tree search #57, logLikelihood: -19204.385843
[00:03:38] ML tree search #58, logLikelihood: -19204.387419
[00:03:40] ML tree search #59, logLikelihood: -19204.380739
[00:03:43] ML tree search #60, logLikelihood: -19204.404537
[00:03:55] ML tree search #61, logLikelihood: -19204.384905
[00:04:00] ML tree search #62, logLikelihood: -19204.384731
[00:04:22] ML tree search #63, logLikelihood: -19204.379930
[00:04:31] ML tree search #64, logLikelihood: -19204.381588
[00:04:47] ML tree search #65, logLikelihood: -19204.386302
[00:04:49] ML tree search #66, logLikelihood: -19204.406784
[00:04:57] ML tree search #67, logLikelihood: -19204.377101
[00:05:22] ML tree search #68, logLikelihood: -19204.383346
[00:05:24] ML tree search #69, logLikelihood: -19204.385472
[00:05:27] ML tree search #70, logLikelihood: -19204.390004
[00:05:29] ML tree search #71, logLikelihood: -19204.385871
[00:05:44] ML tree search #72, logLikelihood: -19204.383342
[00:05:56] ML tree search #73, logLikelihood: -19204.396561
[00:06:17] ML tree search #74, logLikelihood: -19204.386270
[00:06:35] ML tree search #75, logLikelihood: -19204.396576
[00:06:41] ML tree search #76, logLikelihood: -19204.386834
[00:06:56] ML tree search #77, logLikelihood: -19204.388048
[00:06:59] ML tree search #78, logLikelihood: -19204.399785
[00:07:20] ML tree search #79, logLikelihood: -19204.382619
[00:07:27] ML tree search #80, logLikelihood: -19204.381698
[00:07:32] ML tree search #81, logLikelihood: -19204.380896
[00:07:39] ML tree search #82, logLikelihood: -19204.384882
[00:07:44] ML tree search #83, logLikelihood: -19204.384516
[00:07:57] ML tree search #84, logLikelihood: -19204.399114
[00:08:07] ML tree search #85, logLikelihood: -19204.394515
[00:08:11] ML tree search #86, logLikelihood: -19204.387040
[00:08:21] ML tree search #87, logLikelihood: -19204.394364
[00:08:34] ML tree search #88, logLikelihood: -19204.377021
[00:08:50] ML tree search #89, logLikelihood: -19204.385678
[00:09:02] ML tree search #90, logLikelihood: -19204.397133
[00:09:23] ML tree search #91, logLikelihood: -19204.396356
[00:09:32] ML tree search #92, logLikelihood: -19204.395380
[00:09:36] ML tree search #93, logLikelihood: -19204.382027
[00:09:39] ML tree search #94, logLikelihood: -19204.388705
[00:09:41] ML tree search #95, logLikelihood: -19204.403769
[00:09:44] ML tree search #96, logLikelihood: -19204.386250
[00:09:46] ML tree search #97, logLikelihood: -19204.384001
[00:09:48] ML tree search #98, logLikelihood: -19204.379769
[00:09:54] ML tree search #99, logLikelihood: -19204.378650
[00:09:58] ML tree search #100, logLikelihood: -19204.381864

[00:09:58] ML tree search completed, best tree logLH: -19204.376978

[00:09:58] Starting bootstrapping analysis with 200 replicates.

[00:10:00] Bootstrap tree #1, logLikelihood: -19291.394138
[00:10:13] Bootstrap tree #2, logLikelihood: -19207.580491
[00:10:24] Bootstrap tree #3, logLikelihood: -19155.002440
[00:10:29] Bootstrap tree #4, logLikelihood: -19303.309713
[00:10:39] Bootstrap tree #5, logLikelihood: -19077.109904
[00:10:48] Bootstrap tree #6, logLikelihood: -19151.099310
[00:10:58] Bootstrap tree #7, logLikelihood: -19072.855145
[00:11:10] Bootstrap tree #8, logLikelihood: -19057.475103
[00:11:13] Bootstrap tree #9, logLikelihood: -19008.667751
[00:11:21] Bootstrap tree #10, logLikelihood: -19147.644264
[00:11:28] Bootstrap tree #11, logLikelihood: -19166.342351
[00:11:31] Bootstrap tree #12, logLikelihood: -19206.152204
[00:11:48] Bootstrap tree #13, logLikelihood: -19243.862008
[00:11:53] Bootstrap tree #14, logLikelihood: -19059.896581
[00:12:00] Bootstrap tree #15, logLikelihood: -19218.083363
[00:12:19] Bootstrap tree #16, logLikelihood: -19308.130936
[00:12:31] Bootstrap tree #17, logLikelihood: -19278.437654
[00:12:37] Bootstrap tree #18, logLikelihood: -19176.541577
[00:12:39] Bootstrap tree #19, logLikelihood: -19159.323882
[00:12:44] Bootstrap tree #20, logLikelihood: -19112.594183
[00:12:46] Bootstrap tree #21, logLikelihood: -19212.257759
[00:12:50] Bootstrap tree #22, logLikelihood: -19229.476257
[00:15:30] Bootstrap tree #23, logLikelihood: -19146.751675
[00:15:42] Bootstrap tree #24, logLikelihood: -19150.205688
[00:19:00] Bootstrap tree #25, logLikelihood: -19188.446263
[00:19:23] Bootstrap tree #26, logLikelihood: -19006.470716
[00:19:27] Bootstrap tree #27, logLikelihood: -19151.771819
[00:19:44] Bootstrap tree #28, logLikelihood: -19160.933559
[00:19:56] Bootstrap tree #29, logLikelihood: -19080.453009
[00:20:13] Bootstrap tree #30, logLikelihood: -19321.753107
[00:20:17] Bootstrap tree #31, logLikelihood: -19150.324016
[00:20:20] Bootstrap tree #32, logLikelihood: -19241.914312
[00:20:28] Bootstrap tree #33, logLikelihood: -19155.941327
[00:20:44] Bootstrap tree #34, logLikelihood: -19315.259772
[00:20:59] Bootstrap tree #35, logLikelihood: -19080.101416
[00:21:05] Bootstrap tree #36, logLikelihood: -19130.295460
[00:21:10] Bootstrap tree #37, logLikelihood: -19174.578034
[00:21:25] Bootstrap tree #38, logLikelihood: -19034.068882
[00:21:32] Bootstrap tree #39, logLikelihood: -19280.350192
[00:21:46] Bootstrap tree #40, logLikelihood: -19103.205620
[00:21:51] Bootstrap tree #41, logLikelihood: -19200.736090
[00:22:07] Bootstrap tree #42, logLikelihood: -19089.662060
[00:22:36] Bootstrap tree #43, logLikelihood: -19160.373647
[00:22:38] Bootstrap tree #44, logLikelihood: -19092.673770
[00:22:40] Bootstrap tree #45, logLikelihood: -19065.177007
[00:22:49] Bootstrap tree #46, logLikelihood: -19147.685786
[00:22:53] Bootstrap tree #47, logLikelihood: -19253.760751
[00:22:57] Bootstrap tree #48, logLikelihood: -18921.021770
[00:23:14] Bootstrap tree #49, logLikelihood: -19061.757159
[00:23:29] Bootstrap tree #50, logLikelihood: -19246.345407
[00:23:33] Bootstrap tree #51, logLikelihood: -19080.148141
[00:23:39] Bootstrap tree #52, logLikelihood: -19463.931053
[00:23:42] Bootstrap tree #53, logLikelihood: -19170.893547
[00:24:02] Bootstrap tree #54, logLikelihood: -19287.876213
[00:24:04] Bootstrap tree #55, logLikelihood: -19332.437345
[00:24:14] Bootstrap tree #56, logLikelihood: -19084.698026
[00:24:23] Bootstrap tree #57, logLikelihood: -19220.007989
[00:24:31] Bootstrap tree #58, logLikelihood: -19236.129582
[00:24:43] Bootstrap tree #59, logLikelihood: -19023.297559
[00:24:46] Bootstrap tree #60, logLikelihood: -19021.491202
[00:25:08] Bootstrap tree #61, logLikelihood: -19099.517914
[00:25:42] Bootstrap tree #62, logLikelihood: -19197.918899
[00:26:15] Bootstrap tree #63, logLikelihood: -19098.524385
[00:26:20] Bootstrap tree #64, logLikelihood: -19288.661857
[00:26:36] Bootstrap tree #65, logLikelihood: -19082.259522
[00:27:04] Bootstrap tree #66, logLikelihood: -19137.257293
[00:27:07] Bootstrap tree #67, logLikelihood: -19325.063255
[00:27:15] Bootstrap tree #68, logLikelihood: -19212.108585
[00:27:24] Bootstrap tree #69, logLikelihood: -19322.887686
[00:27:39] Bootstrap tree #70, logLikelihood: -19192.383512
[00:28:01] Bootstrap tree #71, logLikelihood: -19227.194926
[00:28:08] Bootstrap tree #72, logLikelihood: -19272.076979
[00:28:15] Bootstrap tree #73, logLikelihood: -19004.551341
[00:28:20] Bootstrap tree #74, logLikelihood: -19209.450991
[00:28:31] Bootstrap tree #75, logLikelihood: -19134.351016
[00:28:33] Bootstrap tree #76, logLikelihood: -19113.676614
[00:28:44] Bootstrap tree #77, logLikelihood: -19135.595693
[00:28:59] Bootstrap tree #78, logLikelihood: -19191.968270
[00:29:08] Bootstrap tree #79, logLikelihood: -19169.220415
[00:29:21] Bootstrap tree #80, logLikelihood: -19175.559256
[00:29:23] Bootstrap tree #81, logLikelihood: -18889.121567
[00:29:44] Bootstrap tree #82, logLikelihood: -19212.838492
[00:29:53] Bootstrap tree #83, logLikelihood: -19289.685075
[00:29:55] Bootstrap tree #84, logLikelihood: -19204.793592
[00:30:09] Bootstrap tree #85, logLikelihood: -19314.704572
[00:30:21] Bootstrap tree #86, logLikelihood: -19201.614679
[00:30:42] Bootstrap tree #87, logLikelihood: -19101.455386
[00:31:04] Bootstrap tree #88, logLikelihood: -19321.595859
[00:31:14] Bootstrap tree #89, logLikelihood: -19038.528530
[00:31:20] Bootstrap tree #90, logLikelihood: -19127.969237
[00:31:26] Bootstrap tree #91, logLikelihood: -19040.716155
[00:31:30] Bootstrap tree #92, logLikelihood: -19271.136985
[00:31:41] Bootstrap tree #93, logLikelihood: -18943.168360
[00:31:51] Bootstrap tree #94, logLikelihood: -19219.117970
[00:32:01] Bootstrap tree #95, logLikelihood: -19211.878354
[00:32:09] Bootstrap tree #96, logLikelihood: -19302.134586
[00:32:17] Bootstrap tree #97, logLikelihood: -18888.795273
[00:32:24] Bootstrap tree #98, logLikelihood: -19138.954978
[00:32:32] Bootstrap tree #99, logLikelihood: -19004.746629
[00:32:35] Bootstrap tree #100, logLikelihood: -19222.820946
[00:33:09] Bootstrap tree #101, logLikelihood: -19152.918634
[00:33:19] Bootstrap tree #102, logLikelihood: -19176.097372
[00:33:24] Bootstrap tree #103, logLikelihood: -19102.271715
[00:33:34] Bootstrap tree #104, logLikelihood: -19192.362705
[00:33:54] Bootstrap tree #105, logLikelihood: -19158.867314
[00:34:02] Bootstrap tree #106, logLikelihood: -19192.706272
[00:34:29] Bootstrap tree #107, logLikelihood: -18945.647999
[00:34:39] Bootstrap tree #108, logLikelihood: -19208.473799
[00:34:42] Bootstrap tree #109, logLikelihood: -19208.236401
[00:34:49] Bootstrap tree #110, logLikelihood: -19111.322949
[00:35:08] Bootstrap tree #111, logLikelihood: -19168.548382
[00:35:10] Bootstrap tree #112, logLikelihood: -19153.650047
[00:35:30] Bootstrap tree #113, logLikelihood: -19136.345415
[00:35:34] Bootstrap tree #114, logLikelihood: -19114.416115
[00:35:46] Bootstrap tree #115, logLikelihood: -19250.743354
[00:35:55] Bootstrap tree #116, logLikelihood: -19149.812887
[00:36:01] Bootstrap tree #117, logLikelihood: -19143.837200
[00:36:04] Bootstrap tree #118, logLikelihood: -19140.715292
[00:36:09] Bootstrap tree #119, logLikelihood: -19042.089657
[00:36:13] Bootstrap tree #120, logLikelihood: -19161.894796
[00:36:22] Bootstrap tree #121, logLikelihood: -19084.184115
[00:36:27] Bootstrap tree #122, logLikelihood: -19241.839546
[00:36:30] Bootstrap tree #123, logLikelihood: -19238.692250
[00:36:40] Bootstrap tree #124, logLikelihood: -19185.272557
[00:36:50] Bootstrap tree #125, logLikelihood: -19262.735705
[00:36:53] Bootstrap tree #126, logLikelihood: -19044.876918
[00:36:56] Bootstrap tree #127, logLikelihood: -19039.429290
[00:37:07] Bootstrap tree #128, logLikelihood: -19179.837507
[00:37:09] Bootstrap tree #129, logLikelihood: -19120.287160
[00:37:15] Bootstrap tree #130, logLikelihood: -19374.012119
[00:37:22] Bootstrap tree #131, logLikelihood: -19102.392315
[00:37:27] Bootstrap tree #132, logLikelihood: -19105.268572
[00:37:37] Bootstrap tree #133, logLikelihood: -19129.838103
[00:37:40] Bootstrap tree #134, logLikelihood: -19088.147210
[00:37:47] Bootstrap tree #135, logLikelihood: -19155.438123
[00:38:01] Bootstrap tree #136, logLikelihood: -19227.926294
[00:38:13] Bootstrap tree #137, logLikelihood: -19357.224774
[00:38:25] Bootstrap tree #138, logLikelihood: -19281.900075
[00:38:36] Bootstrap tree #139, logLikelihood: -19147.397010
[00:38:50] Bootstrap tree #140, logLikelihood: -19260.737583
[00:38:54] Bootstrap tree #141, logLikelihood: -19120.079372
[00:38:58] Bootstrap tree #142, logLikelihood: -19183.813372
[00:39:10] Bootstrap tree #143, logLikelihood: -19229.496347
[00:39:20] Bootstrap tree #144, logLikelihood: -19222.874339
[00:39:24] Bootstrap tree #145, logLikelihood: -19081.370457
[00:39:34] Bootstrap tree #146, logLikelihood: -19220.165276
[00:39:40] Bootstrap tree #147, logLikelihood: -19185.054767
[00:39:52] Bootstrap tree #148, logLikelihood: -19208.182901
[00:39:55] Bootstrap tree #149, logLikelihood: -19322.609790
[00:40:04] Bootstrap tree #150, logLikelihood: -19315.970629
[00:40:06] Bootstrap tree #151, logLikelihood: -19062.519590
[00:40:08] Bootstrap tree #152, logLikelihood: -19121.205896
[00:40:18] Bootstrap tree #153, logLikelihood: -19194.289122
[00:40:26] Bootstrap tree #154, logLikelihood: -19174.647597
[00:40:28] Bootstrap tree #155, logLikelihood: -19251.692403
[00:40:35] Bootstrap tree #156, logLikelihood: -19139.667760
[00:40:56] Bootstrap tree #157, logLikelihood: -19024.199026
[00:41:15] Bootstrap tree #158, logLikelihood: -19073.848964
[00:41:33] Bootstrap tree #159, logLikelihood: -19145.039282
[00:41:38] Bootstrap tree #160, logLikelihood: -19203.778073
[00:41:40] Bootstrap tree #161, logLikelihood: -19179.716134
[00:41:58] Bootstrap tree #162, logLikelihood: -19185.323226
[00:42:10] Bootstrap tree #163, logLikelihood: -19311.855363
[00:42:12] Bootstrap tree #164, logLikelihood: -19140.799434
[00:43:38] Bootstrap tree #165, logLikelihood: -19340.265835
[00:43:41] Bootstrap tree #166, logLikelihood: -19304.970565
[00:43:43] Bootstrap tree #167, logLikelihood: -19327.620853
[00:43:45] Bootstrap tree #168, logLikelihood: -19254.907200
[00:43:48] Bootstrap tree #169, logLikelihood: -19347.164315
[00:43:50] Bootstrap tree #170, logLikelihood: -19140.702791
[00:43:53] Bootstrap tree #171, logLikelihood: -19072.175600
[00:43:57] Bootstrap tree #172, logLikelihood: -19228.487071
[00:44:09] Bootstrap tree #173, logLikelihood: -19203.484441
[00:44:21] Bootstrap tree #174, logLikelihood: -19290.364634
[00:44:35] Bootstrap tree #175, logLikelihood: -19110.389721
[00:44:45] Bootstrap tree #176, logLikelihood: -18948.264232
[00:44:48] Bootstrap tree #177, logLikelihood: -19305.810841
[00:44:52] Bootstrap tree #178, logLikelihood: -18992.060226
[00:44:55] Bootstrap tree #179, logLikelihood: -19364.091203
[00:44:57] Bootstrap tree #180, logLikelihood: -19263.969780
[00:44:59] Bootstrap tree #181, logLikelihood: -19216.966491
[00:45:02] Bootstrap tree #182, logLikelihood: -19299.133571
[00:45:11] Bootstrap tree #183, logLikelihood: -19196.739785
[00:45:27] Bootstrap tree #184, logLikelihood: -19156.691555
[00:45:37] Bootstrap tree #185, logLikelihood: -19083.197760
[00:45:51] Bootstrap tree #186, logLikelihood: -19223.380734
[00:46:10] Bootstrap tree #187, logLikelihood: -19059.286128
[00:47:41] Bootstrap tree #188, logLikelihood: -19068.168910
[00:47:43] Bootstrap tree #189, logLikelihood: -19122.757749
[00:52:09] Bootstrap tree #190, logLikelihood: -19193.621966
[00:52:16] Bootstrap tree #191, logLikelihood: -19187.130016
[00:52:19] Bootstrap tree #192, logLikelihood: -19026.803830
[00:52:32] Bootstrap tree #193, logLikelihood: -19214.159086
[00:52:38] Bootstrap tree #194, logLikelihood: -19116.515984
[00:52:48] Bootstrap tree #195, logLikelihood: -19101.548689
[00:53:15] Bootstrap tree #196, logLikelihood: -19217.687031
[00:53:30] Bootstrap tree #197, logLikelihood: -19201.079451
[00:53:46] Bootstrap tree #198, logLikelihood: -19215.697245
[00:53:49] Bootstrap tree #199, logLikelihood: -19165.519841
[00:54:00] Bootstrap tree #200, logLikelihood: -19111.472716

Optimized model parameters:

   Partition 0: noname
   Rate heterogeneity: NONE
   Base frequencies (ML): 0.076727 0.110521 0.106132 0.070784 0.000077 0.206062 0.039080 0.000077 0.206865 0.000077 0.056896 0.000077 0.000077 0.061828 0.000077 0.064644 
   Substitution rates (ML): 0.001000 0.001000 0.001000 0.259612 3.432292 0.019201 0.001000 0.001000 0.001000 0.259612 3.432292 0.019201 0.001000 0.001000 0.001000 0.001000 0.001000 0.259612 0.001000 0.001000 1.000000 3.304854 0.001000 0.259612 0.001000 0.001000 1.000000 3.304854 0.001000 0.001000 0.001000 3.432292 0.001000 1.000000 0.001000 0.270313 0.001000 3.432292 0.001000 1.000000 0.001000 0.270313 0.001000 0.001000 0.019201 0.001000 3.304854 0.270313 0.001000 0.001000 0.019201 0.001000 3.304854 0.270313 1.000000 3.304854 3.432292 0.019201 0.001000 0.001000 0.001000 0.001000 3.432292 0.019201 0.001000 0.270313 0.259612 0.001000 0.019201 0.001000 0.001000 0.001000 0.001000 0.001000 0.019201 0.001000 0.259612 3.432292 0.001000 0.001000 0.001000 0.001000 0.001000 0.001000 0.270313 3.304854 3.432292 0.001000 0.001000 0.001000 0.001000 3.304854 1.000000 0.019201 0.001000 0.001000 0.001000 0.001000 0.001000 0.001000 0.019201 0.001000 3.304854 0.001000 0.001000 1.000000 3.304854 0.001000 0.001000 0.001000 0.270313 0.259612 0.001000 0.001000 0.001000 0.259612 3.432292 0.270313 0.001000 1.000000 


Final LogLikelihood: -19204.376978

AIC score: 38484.753955 / AICc score: 38486.055668 / BIC score: 38703.162635
Free parameters (model + branch lengths): 38

Best ML tree saved to: /scale_wlg_persistent/filesets/project/uoa03421/singlecell/cellphy_100inits/18001.monovar_overlap_sciphi.onlyT.target.50.rm.phylo.add_normal.vcf.raxml.bestTree
All ML trees saved to: /scale_wlg_persistent/filesets/project/uoa03421/singlecell/cellphy_100inits/18001.monovar_overlap_sciphi.onlyT.target.50.rm.phylo.add_normal.vcf.raxml.mlTrees
Best ML tree with Felsenstein bootstrap (FBP) support values saved to: /scale_wlg_persistent/filesets/project/uoa03421/singlecell/cellphy_100inits/18001.monovar_overlap_sciphi.onlyT.target.50.rm.phylo.add_normal.vcf.raxml.supportFBP
Best ML tree with Transfer bootstrap (TBE) support values saved to: /scale_wlg_persistent/filesets/project/uoa03421/singlecell/cellphy_100inits/18001.monovar_overlap_sciphi.onlyT.target.50.rm.phylo.add_normal.vcf.raxml.supportTBE
Optimized model saved to: /scale_wlg_persistent/filesets/project/uoa03421/singlecell/cellphy_100inits/18001.monovar_overlap_sciphi.onlyT.target.50.rm.phylo.add_normal.vcf.raxml.bestModel
Bootstrap trees saved to: /scale_wlg_persistent/filesets/project/uoa03421/singlecell/cellphy_100inits/18001.monovar_overlap_sciphi.onlyT.target.50.rm.phylo.add_normal.vcf.raxml.bootstraps

Execution log saved to: /scale_wlg_persistent/filesets/project/uoa03421/singlecell/cellphy_100inits/18001.monovar_overlap_sciphi.onlyT.target.50.rm.phylo.add_normal.vcf.raxml.log

Analysis started: 28-Jun-2023 18:24:06 / finished: 28-Jun-2023 19:18:07

Elapsed time: 3240.522 seconds

